BEGIN; 
CREATE EXTENSION pg_uuidv7;
COMMIT;
SET TIME ZONE UTC;
