SET TIME ZONE UTC;
SELECT uuid_v7_to_timestamptz('018a8920-f523-774b-91ad-a69dde73e64f'::uuid);
      uuid_v7_to_timestamptz      
----------------------------------
 Tue Sep 12 11:22:33.123 2023 UTC
(1 row)

SELECT uuid_v7_to_timestamptz('018a8920-f523-774b-91ad-a69dde73e64f'::uuid, 12);
       uuid_v7_to_timestamptz        
-------------------------------------
 Tue Sep 12 11:22:33.123456 2023 UTC
(1 row)

